// Jest Snapshot v1, https://goo.gl/fbAQLP

exports[`Question should render and match snapshot 1`] = `<div />`;
